Sat Oct  3 22:15:06 WIB 2026
<hostname redacted>
16
Thread(s) per core:              2
Core(s) per socket:              64
Socket(s):                       2
Model name:                      AMD EPYC 7742 64-Core Processor
              total        used        free      shared  buff/cache   available
Mem:           1007         174          25          18         807         810
Swap:             0           0           0
/root/miniconda3/bin/python
Python 3.13.12
absl-py==2.4.0
accelerate==1.13.0
aiohappyeyeballs==2.6.2
aiohttp==3.14.1
aiosignal==1.4.0
anaconda-anon-usage @ file:///opt/miniconda3/conda-bld/anaconda-anon-usage_1764636648062/work
anaconda-auth @ file:///home/task_177249124085225/croot/anaconda-cloud-auth-split_1772491269211/work
anaconda-cli-base @ file:///home/task_177038556646156/croot/anaconda-cli-base_1770385830159/work
annotated-types @ file:///home/task_176174487847081/conda-bld/annotated-types_1761744928471/work
anyio @ file:///home/task_175862240717140/conda-bld/anyio_1758622421932/work
appdirs==1.4.4
archspec @ file:///home/task_175812491784513/conda-bld/archspec_1758124989039/work
attrs==26.1.0
autoawq==0.2.9
bitsandbytes==0.49.2
black==26.5.1
bleach==6.3.0
boltons @ file:///croot/boltons_1751383775419/work
brotlicffi @ file:///home/task_176496126124857/conda-bld/brotlicffi_1764961326114/work
# Editable install with no version control (carenet==0.1.0)
-e <local path>
certifi @ file:///home/conda/feedstock_root/build_artifacts/certifi_1784717589373/work/certifi
cffi @ file:///home/task_176183214835616/conda-bld/cffi_1761832774688/work
charset-normalizer @ file:///home/task_176174481524083/conda-bld/charset-normalizer_1761744828711/work
click==8.4.1
conda @ file:///home/task_177140125005974/croot/conda_1771402194624/work/conda-src
conda-anaconda-telemetry @ file:///croot/conda-anaconda-telemetry_1755883788794/work
conda-anaconda-tos @ file:///croot/conda-anaconda-tos_1755123313635/work
conda-content-trust @ file:///work/perseverance-python-buildout/croot/conda-content-trust_1728487058234/work
conda-libmamba-solver @ file:///C:/miniconda3/conda-bld/conda-libmamba-solver_1764245615235/work/src
conda-package-handling @ file:///home/task_176236637997838/conda-bld/conda-package-handling_1762366405159/work
conda_package_streaming @ file:///home/task_176236152622180/conda-bld/conda-package-streaming_1762361633858/work
contourpy==1.3.3
cryptography @ file:///home/task_177247526678653/croot/cryptography-split_1772475308901/work
cuda-bindings==13.3.1
cuda-pathfinder==1.5.5
cuda-toolkit==13.0.2
cycler==0.12.1
datasets==5.0.0
Defuser==0.0.22
Device-SMI==0.5.6
dill==0.4.1
distro @ file:///work/perseverance-python-buildout/croot/distro_1728396110052/work
einops==0.8.2
et_xmlfile==2.0.0
evaluate==0.4.6
f1chexbert==0.0.2
fastjsonschema==2.21.2
filelock==3.29.0
fonttools==4.63.0
frozendict @ file:///home/task_176175049677026/conda-bld/frozendict_1761750665451/work
frozenlist==1.8.0
fsspec==2026.4.0
h11 @ file:///home/task_176193111687894/conda-bld/h11_1761931259172/work
hf-xet==1.5.0
httpcore @ file:///croot/httpcore_1748526048470/work
httpx @ file:///home/task_176044729083783/conda-bld/httpx_1760447344657/work
huggingface_hub==1.18.0
idna @ file:///home/task_176191175488988/conda-bld/idna_1761911981595/work
iniconfig==2.3.0
jaraco.classes @ file:///croot/jaraco.classes_1755516327832/work
jaraco.context @ file:///home/task_176947759528748/croot/jaraco.context_1769477842447/work
jaraco.functools @ file:///home/task_176838874890348/croot/jaraco.functools_1768389366336/work
jeepney @ file:///tmp/build/80754af9/jeepney_1627537048313/work
Jinja2==3.1.6
joblib==1.5.3
jsonpatch @ file:///work/perseverance-python-buildout/croot/jsonpatch_1728399595941/work
jsonpointer @ file:///croot/jsonpointer_1753788433671/work
jsonschema==4.26.0
jsonschema-specifications==2025.9.1
jupyter_core==5.9.1
jupytext==1.19.1
kaggle==2.1.0
kagglesdk==0.1.21
keyring @ file:///home/task_176363713576885/conda-bld/keyring_1763637184857/work
kiwisolver==1.5.0
libmambapy @ file:///home/task_176311149180614/conda-bld/mamba-split_1763111570862/work/libmambapy
LogBar==0.4.3
lxml==6.1.1
markdown-it-py @ file:///home/task_176700162971740/croot/markdown-it-py_1767001650253/work
MarkupSafe==3.0.3
matplotlib==3.10.9
maturin==1.13.3
mdit-py-plugins==0.5.0
mdurl @ file:///home/task_175855216352428/conda-bld/mdurl_1758552176751/work
menuinst @ file:///home/task_176538230483207/conda-bld/menuinst_1765382366331/work
more-itertools @ file:///home/task_176112148319406/conda-bld/more-itertools_1761121494880/work
mpmath==1.3.0
msgpack @ file:///croot/msgpack-python_1750958623279/work
multidict==6.7.1
multiprocess==0.70.19
mypy_extensions==1.1.0
narwhals==2.22.1
nbformat==5.10.4
networkx==3.6.1
ninja==1.13.0
nltk==3.9.4
numpy==2.2.6
nvidia-cublas-cu11==11.11.3.6
nvidia-cuda-cupti-cu11==11.8.87
nvidia-cuda-nvrtc-cu11==11.8.89
nvidia-cuda-runtime-cu11==11.8.89
nvidia-cudnn-cu11==9.1.0.70
nvidia-cufft==12.0.0.61
nvidia-cufft-cu11==10.9.0.58
nvidia-cufile==1.15.1.6
nvidia-curand==10.4.0.35
nvidia-curand-cu11==10.3.0.86
nvidia-cusolver==12.0.4.66
nvidia-cusolver-cu11==11.4.1.48
nvidia-cusparse==12.6.3.3
nvidia-cusparse-cu11==11.7.5.86
nvidia-cusparselt-cu13==0.8.1
nvidia-ml-py==13.610.43
nvidia-nccl-cu11==2.21.5
nvidia-nccl-cu13==2.29.7
nvidia-nvjitlink==13.0.88
nvidia-nvshmem-cu13==3.4.5
nvidia-nvtx==13.0.85
nvidia-nvtx-cu11==11.8.86
openpyxl==3.1.5
packaging @ file:///home/task_176104878999627/conda-bld/packaging_1761049078606/work
pandas==3.0.3
pandoc==2.4
pathspec==1.1.1
peft==0.19.1
pillow==12.2.0
pkce @ file:///work/perseverance-python-buildout/croot/pkce_1728388093137/work
platformdirs @ file:///home/task_176235602006708/conda-bld/platformdirs_1762356487962/work
pluggy @ file:///croot/pluggy_1733169602837/work
plumbum==2.0.1
ply==3.11
propcache==0.5.2
protobuf==7.34.1
psutil==7.2.2
pyarrow==24.0.0
pyConTextNLP==0.7.0.1
pycosat @ file:///croot/pycosat_1736868416091/work
pycparser @ file:///home/task_175749564936714/conda-bld/pycparser_1757496040682/work
pydantic @ file:///home/task_176408303339170/conda-bld/pydantic_1764083529211/work
pydantic-settings @ file:///home/task_176416496069032/conda-bld/pydantic-settings_1764165165402/work
pydantic_core @ file:///home/task_176400924785639/conda-bld/pydantic-core_1764009747660/work
Pygments @ file:///home/task_176243137807904/conda-bld/pygments_1762431407645/work
PyJWT @ file:///home/task_176433208417911/conda-bld/pyjwt_1764332098101/work
pynvml==13.0.1
pyparsing==3.3.2
PyPcre==0.3.2
PySocks @ file:///home/task_176175235884818/conda-bld/pysocks_1761753009495/work
pytest==9.0.3
python-dateutil==2.9.0.post0
python-docx==1.2.0
python-dotenv @ file:///home/task_176855885656798/croot/python-dotenv_1768559688221/work
python-slugify==8.0.4
pytokens==0.4.1
PyYAML==6.0.3
pyzmq==27.1.0
readchar @ file:///home/task_176061336965958/conda-bld/readchar_1760613437376/work
referencing==0.37.0
regex==2026.5.9
requests @ file:///home/task_176235918788486/conda-bld/requests_1762359591632/work
rich @ file:///home/task_176037557612320/conda-bld/rich_1760375632000/work
rouge_score==0.1.2
rpds-py==0.30.0
ruamel.yaml @ file:///home/task_176253595903435/conda-bld/ruamel.yaml_1762535972567/work
ruamel.yaml.clib @ file:///home/task_176253026438192/conda-bld/ruamel.yaml.clib_1762530278005/work
ruff==0.15.20
sacremoses==0.1.1
safetensors==0.7.0
scikit-learn==1.9.0
scipy==1.17.1
SecretStorage @ file:///home/task_175793143758247/conda-bld/secretstorage_1757931467244/work
semver @ file:///home/task_176190313959014/conda-bld/semver_1761903196627/work
sentencepiece==0.2.1
setuptools==80.10.2
shellingham @ file:///home/task_176191203629823/conda-bld/shellingham_1761912204430/work
six==1.17.0
sniffio @ file:///home/task_176432917442011/conda-bld/sniffio_1764329188237/work
sympy==1.14.0
text-unidecode==1.3
threadpoolctl==3.6.0
TokeNicer==0.0.13
tokenizers==0.22.2
tomli @ file:///home/task_176829646049141/croot/tomli_1768296482268/work
tomlkit @ file:///home/task_176289666312502/conda-bld/tomlkit_1762896676945/work
torch==2.7.1+cu118
torchao==0.17.0
torchvision==0.22.1+cu118
tqdm @ file:///home/task_177139827237424/croot/tqdm_1771398701478/work
traitlets==5.14.3
transformers==5.10.2
triton==3.3.1
truststore @ file:///home/task_176252074050774/conda-bld/truststore_1762520903993/work
typer==0.20.0
typer-slim==0.20.0
typing-inspection @ file:///home/task_176061348700415/conda-bld/typing-inspection_1760614166875/work
typing_extensions @ file:///croot/typing_extensions_1756280817316/work
urllib3 @ file:///home/task_176781010304586/croot/urllib3_1767810267320/work
uv==0.12.20
webencodings==0.5.1
wheel==0.46.3
xxhash==3.7.0
yarl==1.24.2
zstandard @ file:///home/task_175818846949212/conda-bld/zstandard_1758189073015/work
GPU 0: NVIDIA A100-SXM4-40GB (UUID: redacted)
  MIG 7g.40gb     Device  0: (UUID: redacted)
GPU 1: NVIDIA A100-SXM4-40GB (UUID: redacted)
  MIG 7g.40gb     Device  0: (UUID: redacted)
