== manifest
file,bytes,sha256
<PKG_ROOT>/data/raw/cradle_test.parquet,449126,534fa9b04183379b1eb8d6d3fac163014809fb9199508620540f1d0e3fe9a91d
<PKG_ROOT>/data/raw/cradle_train.parquet,2306396,f4ca50c36e9371dbe66f4156f13c138b74afe9d217b8130e7dee8ea85e6e7922
<PKG_ROOT>/data/raw/cradle_validation.parquet,274007,3315935476a27773d0c4668e784370444d379dfa00498edbfae27a37fd26d55e
<PKG_ROOT>/data/raw/indosafety_eval1.xlsx,172880,5d9cfebfb8a5a118f184c56a43bf063964da43b170e4dbaf310679a4d928c54f
<PKG_ROOT>/data/raw/indosafety_eval2.xlsx,123069,3c6bea986b67ea6c8aab4d0de69c2f48860e13fb85e0e0b61b87e081fb7578a0
<PKG_ROOT>/data/raw/indosafety_external.parquet,248383,3a3290709a836adf97e309fb2af79de87e3f9d3df4994a6f60b03a50ee5fee5c
== actual sha256
534fa9b04183379b1eb8d6d3fac163014809fb9199508620540f1d0e3fe9a91d  data/raw/cradle_test.parquet
f4ca50c36e9371dbe66f4156f13c138b74afe9d217b8130e7dee8ea85e6e7922  data/raw/cradle_train.parquet
3315935476a27773d0c4668e784370444d379dfa00498edbfae27a37fd26d55e  data/raw/cradle_validation.parquet
3f7fcfba0814ad118b6a3290bc1a0750f27f5dd6c63eb20ebe432243a86dce86  results/extended_metrics.json
== expected
f4ca50c36e9371dbe66f4156f13c138b74afe9d217b8130e7dee8ea85e6e7922  cradle_train
3315935476a27773d0c4668e784370444d379dfa00498edbfae27a37fd26d55e  cradle_validation
534fa9b04183379b1eb8d6d3fac163014809fb9199508620540f1d0e3fe9a91d  cradle_test
3f7fcfba0814ad118b6a3290bc1a0750f27f5dd6c63eb20ebe432243a86dce86  extended_metrics.json
== pytest
.......                                                                                                                                         [100%]
7 passed in 1.44s
